// Vitest Snapshot v1

exports[`GoBack > snapshot matches 1`] = `
"<nuxtlink data-vitest-back-btn=\\"\\" class=\\"flex backBtn\\" to=\\"/\\" data-v-f542714c=\\"\\"><svg xmlns=\\"http://www.w3.org/2000/svg\\" fill=\\"none\\" viewBox=\\"0 0 24 24\\" stroke-width=\\"1.5\\" stroke=\\"currentColor\\" class=\\"w-6 h-6\\" data-v-f542714c=\\"\\">
    <path stroke-linecap=\\"round\\" stroke-linejoin=\\"round\\" d=\\"M9 15L3 9m0 0l6-6M3 9h12a6 6 0 010 12h-3\\" data-v-f542714c=\\"\\"></path>
  </svg>
  <p class=\\"ml-2\\" data-v-f542714c=\\"\\">back to project list</p>
</nuxtlink>"
`;
